// Vitest Snapshot v1, https://vitest.dev/guide/snapshot.html

exports[`01_basic > counter 1`] = `
<div>
  <div>
    <span
      data-testid="counter"
    >
      0
    </span>
    <button
      type="button"
    >
      +1
    </button>
  </div>
</div>
`;

exports[`01_basic > counter 2`] = `
<div>
  <div>
    <span
      data-testid="counter"
    >
      1
    </span>
    <button
      type="button"
    >
      +1
    </button>
  </div>
</div>
`;
