// Vitest Snapshot v1, https://vitest.dev/guide/snapshot.html

exports[`05_basic > counter 1`] = `
<div>
  <div>
    <span>
      count1: 
      0
    </span>
    <button
      type="button"
    >
      +1
    </button>
    <span>
      1
    </span>
  </div>
  <div>
    <span>
      count2: 
      0
    </span>
    <span
      data-testid="counter2"
    >
      1
    </span>
  </div>
</div>
`;

exports[`05_basic > counter 2`] = `
<div>
  <div>
    <span>
      count1: 
      1
    </span>
    <button
      type="button"
    >
      +1
    </button>
    <span>
      3
    </span>
  </div>
  <div>
    <span>
      count2: 
      0
    </span>
    <span
      data-testid="counter2"
    >
      1
    </span>
  </div>
</div>
`;
